// Jest Snapshot v1, https://goo.gl/fbAQLP

exports[`Actions run action only 1`] = `
Array [
  Object {
    "payload": Object {
      "notificationText": "The form was successfully validated",
    },
    "type": "usr.Form.Form_form",
  },
  Object {
    "payload": Object {
      "notificationText": "The form was successfully validated",
    },
    "type": "usr.Panel.Panel_panel",
  },
  Object {
    "payload": Object {
      "delayedObject": Object {
        "value": "Delayed object",
      },
    },
    "type": "usr.Form.Form_form",
  },
]
`;
